Archive member included because of file (symbol)

c:/program files (x86)/atmel/avr tools/avr toolchain/bin/../lib/gcc/avr/4.7.2/avr51\libgcc.a(_divmodhi4.o)
                              04_interrupt_3.o (__divmodhi4)
c:/program files (x86)/atmel/avr tools/avr toolchain/bin/../lib/gcc/avr/4.7.2/avr51\libgcc.a(_exit.o)
                              c:/program files (x86)/atmel/avr tools/avr toolchain/bin/../lib/gcc/avr/4.7.2/../../../../avr/lib/avr51/crtm128.o (exit)
c:/program files (x86)/atmel/avr tools/avr toolchain/bin/../lib/gcc/avr/4.7.2/avr51\libgcc.a(_copy_data.o)
                              04_interrupt_3.o (__do_copy_data)
c:/program files (x86)/atmel/avr tools/avr toolchain/bin/../lib/gcc/avr/4.7.2/avr51\libgcc.a(_clear_bss.o)
                              04_interrupt_3.o (__do_clear_bss)
c:/program files (x86)/atmel/avr tools/avr toolchain/bin/../lib/gcc/avr/4.7.2/avr51\libgcc.a(_fixunssfsi.o)
                              04_interrupt_3.o (__fixunssfsi)
c:/program files (x86)/atmel/avr tools/avr toolchain/bin/../lib/gcc/avr/4.7.2/avr51\libgcc.a(_addsub_sf.o)
                              c:/program files (x86)/atmel/avr tools/avr toolchain/bin/../lib/gcc/avr/4.7.2/avr51\libgcc.a(_fixunssfsi.o) (__subsf3)
c:/program files (x86)/atmel/avr tools/avr toolchain/bin/../lib/gcc/avr/4.7.2/avr51\libgcc.a(_mul_sf.o)
                              04_interrupt_3.o (__mulsf3)
c:/program files (x86)/atmel/avr tools/avr toolchain/bin/../lib/gcc/avr/4.7.2/avr51\libgcc.a(_gt_sf.o)
                              04_interrupt_3.o (__gtsf2)
c:/program files (x86)/atmel/avr tools/avr toolchain/bin/../lib/gcc/avr/4.7.2/avr51\libgcc.a(_ge_sf.o)
                              c:/program files (x86)/atmel/avr tools/avr toolchain/bin/../lib/gcc/avr/4.7.2/avr51\libgcc.a(_fixunssfsi.o) (__gesf2)
c:/program files (x86)/atmel/avr tools/avr toolchain/bin/../lib/gcc/avr/4.7.2/avr51\libgcc.a(_lt_sf.o)
                              04_interrupt_3.o (__ltsf2)
c:/program files (x86)/atmel/avr tools/avr toolchain/bin/../lib/gcc/avr/4.7.2/avr51\libgcc.a(_sf_to_si.o)
                              c:/program files (x86)/atmel/avr tools/avr toolchain/bin/../lib/gcc/avr/4.7.2/avr51\libgcc.a(_fixunssfsi.o) (__fixsfsi)
c:/program files (x86)/atmel/avr tools/avr toolchain/bin/../lib/gcc/avr/4.7.2/avr51\libgcc.a(_thenan_sf.o)
                              c:/program files (x86)/atmel/avr tools/avr toolchain/bin/../lib/gcc/avr/4.7.2/avr51\libgcc.a(_addsub_sf.o) (__thenan_sf)
c:/program files (x86)/atmel/avr tools/avr toolchain/bin/../lib/gcc/avr/4.7.2/avr51\libgcc.a(_udivmodhi4.o)
                              c:/program files (x86)/atmel/avr tools/avr toolchain/bin/../lib/gcc/avr/4.7.2/avr51\libgcc.a(_divmodhi4.o) (__udivmodhi4)
c:/program files (x86)/atmel/avr tools/avr toolchain/bin/../lib/gcc/avr/4.7.2/avr51\libgcc.a(_prologue.o)
                              c:/program files (x86)/atmel/avr tools/avr toolchain/bin/../lib/gcc/avr/4.7.2/avr51\libgcc.a(_addsub_sf.o) (__prologue_saves__)
c:/program files (x86)/atmel/avr tools/avr toolchain/bin/../lib/gcc/avr/4.7.2/avr51\libgcc.a(_epilogue.o)
                              c:/program files (x86)/atmel/avr tools/avr toolchain/bin/../lib/gcc/avr/4.7.2/avr51\libgcc.a(_addsub_sf.o) (__epilogue_restores__)
c:/program files (x86)/atmel/avr tools/avr toolchain/bin/../lib/gcc/avr/4.7.2/avr51\libgcc.a(_pack_sf.o)
                              c:/program files (x86)/atmel/avr tools/avr toolchain/bin/../lib/gcc/avr/4.7.2/avr51\libgcc.a(_addsub_sf.o) (__pack_f)
c:/program files (x86)/atmel/avr tools/avr toolchain/bin/../lib/gcc/avr/4.7.2/avr51\libgcc.a(_unpack_sf.o)
                              c:/program files (x86)/atmel/avr tools/avr toolchain/bin/../lib/gcc/avr/4.7.2/avr51\libgcc.a(_addsub_sf.o) (__unpack_f)
c:/program files (x86)/atmel/avr tools/avr toolchain/bin/../lib/gcc/avr/4.7.2/avr51\libgcc.a(_fpcmp_parts_sf.o)
                              c:/program files (x86)/atmel/avr tools/avr toolchain/bin/../lib/gcc/avr/4.7.2/avr51\libgcc.a(_gt_sf.o) (__fpcmp_parts_f)

Allocating common symbols
Common symbol       size              file

flag                0x1               04_interrupt_3.o

Memory Configuration

Name             Origin             Length             Attributes
text             0x00000000         0x00020000         xr
data             0x00800100         0x0000ff00         rw !x
eeprom           0x00810000         0x00010000         rw !x
fuse             0x00820000         0x00000400         rw !x
lock             0x00830000         0x00000400         rw !x
signature        0x00840000         0x00000400         rw !x
user_signatures  0x00850000         0x00000400         rw !x
*default*        0x00000000         0xffffffff

Linker script and memory map

Address of section .data set to 0x800100
LOAD c:/program files (x86)/atmel/avr tools/avr toolchain/bin/../lib/gcc/avr/4.7.2/../../../../avr/lib/avr51/crtm128.o
LOAD 04_interrupt_demo.o
LOAD 04_interrupt_1.o
LOAD 04_interrupt_2.o
LOAD 04_interrupt_3.o
LOAD c:/program files (x86)/atmel/avr tools/avr toolchain/bin/../lib/gcc/avr/4.7.2/avr51\libgcc.a
LOAD c:/program files (x86)/atmel/avr tools/avr toolchain/bin/../lib/gcc/avr/4.7.2/../../../../avr/lib/avr51\libc.a
LOAD c:/program files (x86)/atmel/avr tools/avr toolchain/bin/../lib/gcc/avr/4.7.2/avr51\libgcc.a

.hash
 *(.hash)

.dynsym
 *(.dynsym)

.dynstr
 *(.dynstr)

.gnu.version
 *(.gnu.version)

.gnu.version_d
 *(.gnu.version_d)

.gnu.version_r
 *(.gnu.version_r)

.rel.init
 *(.rel.init)

.rela.init
 *(.rela.init)

.rel.text
 *(.rel.text)
 *(.rel.text.*)
 *(.rel.gnu.linkonce.t*)

.rela.text
 *(.rela.text)
 *(.rela.text.*)
 *(.rela.gnu.linkonce.t*)

.rel.fini
 *(.rel.fini)

.rela.fini
 *(.rela.fini)

.rel.rodata
 *(.rel.rodata)
 *(.rel.rodata.*)
 *(.rel.gnu.linkonce.r*)

.rela.rodata
 *(.rela.rodata)
 *(.rela.rodata.*)
 *(.rela.gnu.linkonce.r*)

.rel.data
 *(.rel.data)
 *(.rel.data.*)
 *(.rel.gnu.linkonce.d*)

.rela.data
 *(.rela.data)
 *(.rela.data.*)
 *(.rela.gnu.linkonce.d*)

.rel.ctors
 *(.rel.ctors)

.rela.ctors
 *(.rela.ctors)

.rel.dtors
 *(.rel.dtors)

.rela.dtors
 *(.rela.dtors)

.rel.got
 *(.rel.got)

.rela.got
 *(.rela.got)

.rel.bss
 *(.rel.bss)

.rela.bss
 *(.rela.bss)

.rel.plt
 *(.rel.plt)

.rela.plt
 *(.rela.plt)

.text           0x00000000     0x1236
 *(.vectors)
 .vectors       0x00000000       0x8c c:/program files (x86)/atmel/avr tools/avr toolchain/bin/../lib/gcc/avr/4.7.2/../../../../avr/lib/avr51/crtm128.o
                0x00000000                __vector_default
                0x00000000                __vectors
 *(.vectors)
 *(.progmem.gcc*)
 *(.progmem*)
                0x0000008c                . = ALIGN (0x2)
                0x0000008c                __trampolines_start = .
 *(.trampolines)
 .trampolines   0x0000008c        0x0 linker stubs
 *(.trampolines*)
                0x0000008c                __trampolines_end = .
 *(.jumptables)
 *(.jumptables*)
 *(.lowtext)
 *(.lowtext*)
                0x0000008c                __ctors_start = .
 *(.ctors)
                0x0000008c                __ctors_end = .
                0x0000008c                __dtors_start = .
 *(.dtors)
                0x0000008c                __dtors_end = .
 SORT(*)(.ctors)
 SORT(*)(.dtors)
 *(.init0)
 .init0         0x0000008c        0x0 c:/program files (x86)/atmel/avr tools/avr toolchain/bin/../lib/gcc/avr/4.7.2/../../../../avr/lib/avr51/crtm128.o
                0x0000008c                __init
 *(.init0)
 *(.init1)
 *(.init1)
 *(.init2)
 .init2         0x0000008c        0xc c:/program files (x86)/atmel/avr tools/avr toolchain/bin/../lib/gcc/avr/4.7.2/../../../../avr/lib/avr51/crtm128.o
 *(.init2)
 *(.init3)
 *(.init3)
 *(.init4)
 .init4         0x00000098       0x1a c:/program files (x86)/atmel/avr tools/avr toolchain/bin/../lib/gcc/avr/4.7.2/avr51\libgcc.a(_copy_data.o)
                0x00000098                __do_copy_data
 .init4         0x000000b2       0x10 c:/program files (x86)/atmel/avr tools/avr toolchain/bin/../lib/gcc/avr/4.7.2/avr51\libgcc.a(_clear_bss.o)
                0x000000b2                __do_clear_bss
 *(.init4)
 *(.init5)
 *(.init5)
 *(.init6)
 *(.init6)
 *(.init7)
 *(.init7)
 *(.init8)
 *(.init8)
 *(.init9)
 .init9         0x000000c2        0x8 c:/program files (x86)/atmel/avr tools/avr toolchain/bin/../lib/gcc/avr/4.7.2/../../../../avr/lib/avr51/crtm128.o
 *(.init9)
 *(.text)
 .text          0x000000ca        0x4 c:/program files (x86)/atmel/avr tools/avr toolchain/bin/../lib/gcc/avr/4.7.2/../../../../avr/lib/avr51/crtm128.o
                0x000000ca                __vector_22
                0x000000ca                __vector_28
                0x000000ca                __vector_1
                0x000000ca                __vector_32
                0x000000ca                __vector_34
                0x000000ca                __vector_24
                0x000000ca                __vector_12
                0x000000ca                __bad_interrupt
                0x000000ca                __vector_31
                0x000000ca                __vector_3
                0x000000ca                __vector_23
                0x000000ca                __vector_30
                0x000000ca                __vector_25
                0x000000ca                __vector_11
                0x000000ca                __vector_13
                0x000000ca                __vector_17
                0x000000ca                __vector_19
                0x000000ca                __vector_27
                0x000000ca                __vector_5
                0x000000ca                __vector_33
                0x000000ca                __vector_4
                0x000000ca                __vector_9
                0x000000ca                __vector_2
                0x000000ca                __vector_21
                0x000000ca                __vector_15
                0x000000ca                __vector_29
                0x000000ca                __vector_26
                0x000000ca                __vector_14
                0x000000ca                __vector_10
                0x000000ca                __vector_16
                0x000000ca                __vector_18
                0x000000ca                __vector_20
 .text          0x000000ce        0x0 04_interrupt_demo.o
 .text          0x000000ce        0x0 04_interrupt_1.o
 .text          0x000000ce        0x0 04_interrupt_2.o
 .text          0x000000ce      0x626 04_interrupt_3.o
                0x000000ce                __vector_8
                0x000000fc                __vector_7
                0x0000012a                __vector_6
                0x00000164                main
 .text          0x000006f4        0x0 c:/program files (x86)/atmel/avr tools/avr toolchain/bin/../lib/gcc/avr/4.7.2/avr51\libgcc.a(_divmodhi4.o)
 .text          0x000006f4        0x0 c:/program files (x86)/atmel/avr tools/avr toolchain/bin/../lib/gcc/avr/4.7.2/avr51\libgcc.a(_exit.o)
 .text          0x000006f4        0x0 c:/program files (x86)/atmel/avr tools/avr toolchain/bin/../lib/gcc/avr/4.7.2/avr51\libgcc.a(_copy_data.o)
 .text          0x000006f4        0x0 c:/program files (x86)/atmel/avr tools/avr toolchain/bin/../lib/gcc/avr/4.7.2/avr51\libgcc.a(_clear_bss.o)
 .text          0x000006f4       0x5a c:/program files (x86)/atmel/avr tools/avr toolchain/bin/../lib/gcc/avr/4.7.2/avr51\libgcc.a(_fixunssfsi.o)
                0x000006f4                __fixunssfsi
 .text          0x0000074e      0x370 c:/program files (x86)/atmel/avr tools/avr toolchain/bin/../lib/gcc/avr/4.7.2/avr51\libgcc.a(_addsub_sf.o)
                0x00000a06                __addsf3
                0x00000a5e                __subsf3
 .text          0x00000abe      0x1ca c:/program files (x86)/atmel/avr tools/avr toolchain/bin/../lib/gcc/avr/4.7.2/avr51\libgcc.a(_mul_sf.o)
                0x00000abe                __mulsf3
 .text          0x00000c88       0x5e c:/program files (x86)/atmel/avr tools/avr toolchain/bin/../lib/gcc/avr/4.7.2/avr51\libgcc.a(_gt_sf.o)
                0x00000c88                __gtsf2
 .text          0x00000ce6       0x5e c:/program files (x86)/atmel/avr tools/avr toolchain/bin/../lib/gcc/avr/4.7.2/avr51\libgcc.a(_ge_sf.o)
                0x00000ce6                __gesf2
 .text          0x00000d44       0x5e c:/program files (x86)/atmel/avr tools/avr toolchain/bin/../lib/gcc/avr/4.7.2/avr51\libgcc.a(_lt_sf.o)
                0x00000d44                __ltsf2
 .text          0x00000da2       0x9e c:/program files (x86)/atmel/avr tools/avr toolchain/bin/../lib/gcc/avr/4.7.2/avr51\libgcc.a(_sf_to_si.o)
                0x00000da2                __fixsfsi
 .text          0x00000e40        0x0 c:/program files (x86)/atmel/avr tools/avr toolchain/bin/../lib/gcc/avr/4.7.2/avr51\libgcc.a(_thenan_sf.o)
 .text          0x00000e40        0x0 c:/program files (x86)/atmel/avr tools/avr toolchain/bin/../lib/gcc/avr/4.7.2/avr51\libgcc.a(_udivmodhi4.o)
 .text          0x00000e40        0x0 c:/program files (x86)/atmel/avr tools/avr toolchain/bin/../lib/gcc/avr/4.7.2/avr51\libgcc.a(_prologue.o)
 .text          0x00000e40        0x0 c:/program files (x86)/atmel/avr tools/avr toolchain/bin/../lib/gcc/avr/4.7.2/avr51\libgcc.a(_epilogue.o)
 .text          0x00000e40      0x194 c:/program files (x86)/atmel/avr tools/avr toolchain/bin/../lib/gcc/avr/4.7.2/avr51\libgcc.a(_pack_sf.o)
                0x00000e40                __pack_f
 .text          0x00000fd4       0xde c:/program files (x86)/atmel/avr tools/avr toolchain/bin/../lib/gcc/avr/4.7.2/avr51\libgcc.a(_unpack_sf.o)
                0x00000fd4                __unpack_f
 .text          0x000010b2       0xc2 c:/program files (x86)/atmel/avr tools/avr toolchain/bin/../lib/gcc/avr/4.7.2/avr51\libgcc.a(_fpcmp_parts_sf.o)
                0x000010b2                __fpcmp_parts_f
                0x00001174                . = ALIGN (0x2)
 *(.text.*)
 .text.libgcc.mul
                0x00001174        0x0 c:/program files (x86)/atmel/avr tools/avr toolchain/bin/../lib/gcc/avr/4.7.2/avr51\libgcc.a(_divmodhi4.o)
 .text.libgcc.div
                0x00001174       0x28 c:/program files (x86)/atmel/avr tools/avr toolchain/bin/../lib/gcc/avr/4.7.2/avr51\libgcc.a(_divmodhi4.o)
                0x00001174                _div
                0x00001174                __divmodhi4
 .text.libgcc   0x0000119c        0x0 c:/program files (x86)/atmel/avr tools/avr toolchain/bin/../lib/gcc/avr/4.7.2/avr51\libgcc.a(_divmodhi4.o)
 .text.libgcc.prologue
                0x0000119c        0x0 c:/program files (x86)/atmel/avr tools/avr toolchain/bin/../lib/gcc/avr/4.7.2/avr51\libgcc.a(_divmodhi4.o)
 .text.libgcc.builtins
                0x0000119c        0x0 c:/program files (x86)/atmel/avr tools/avr toolchain/bin/../lib/gcc/avr/4.7.2/avr51\libgcc.a(_divmodhi4.o)
 .text.libgcc.fmul
                0x0000119c        0x0 c:/program files (x86)/atmel/avr tools/avr toolchain/bin/../lib/gcc/avr/4.7.2/avr51\libgcc.a(_divmodhi4.o)
 .text.libgcc.mul
                0x0000119c        0x0 c:/program files (x86)/atmel/avr tools/avr toolchain/bin/../lib/gcc/avr/4.7.2/avr51\libgcc.a(_exit.o)
 .text.libgcc.div
                0x0000119c        0x0 c:/program files (x86)/atmel/avr tools/avr toolchain/bin/../lib/gcc/avr/4.7.2/avr51\libgcc.a(_exit.o)
 .text.libgcc   0x0000119c        0x0 c:/program files (x86)/atmel/avr tools/avr toolchain/bin/../lib/gcc/avr/4.7.2/avr51\libgcc.a(_exit.o)
 .text.libgcc.prologue
                0x0000119c        0x0 c:/program files (x86)/atmel/avr tools/avr toolchain/bin/../lib/gcc/avr/4.7.2/avr51\libgcc.a(_exit.o)
 .text.libgcc.builtins
                0x0000119c        0x0 c:/program files (x86)/atmel/avr tools/avr toolchain/bin/../lib/gcc/avr/4.7.2/avr51\libgcc.a(_exit.o)
 .text.libgcc.fmul
                0x0000119c        0x0 c:/program files (x86)/atmel/avr tools/avr toolchain/bin/../lib/gcc/avr/4.7.2/avr51\libgcc.a(_exit.o)
 .text.libgcc.mul
                0x0000119c        0x0 c:/program files (x86)/atmel/avr tools/avr toolchain/bin/../lib/gcc/avr/4.7.2/avr51\libgcc.a(_copy_data.o)
 .text.libgcc.div
                0x0000119c        0x0 c:/program files (x86)/atmel/avr tools/avr toolchain/bin/../lib/gcc/avr/4.7.2/avr51\libgcc.a(_copy_data.o)
 .text.libgcc   0x0000119c        0x0 c:/program files (x86)/atmel/avr tools/avr toolchain/bin/../lib/gcc/avr/4.7.2/avr51\libgcc.a(_copy_data.o)
 .text.libgcc.prologue
                0x0000119c        0x0 c:/program files (x86)/atmel/avr tools/avr toolchain/bin/../lib/gcc/avr/4.7.2/avr51\libgcc.a(_copy_data.o)
 .text.libgcc.builtins
                0x0000119c        0x0 c:/program files (x86)/atmel/avr tools/avr toolchain/bin/../lib/gcc/avr/4.7.2/avr51\libgcc.a(_copy_data.o)
 .text.libgcc.fmul
                0x0000119c        0x0 c:/program files (x86)/atmel/avr tools/avr toolchain/bin/../lib/gcc/avr/4.7.2/avr51\libgcc.a(_copy_data.o)
 .text.libgcc.mul
                0x0000119c        0x0 c:/program files (x86)/atmel/avr tools/avr toolchain/bin/../lib/gcc/avr/4.7.2/avr51\libgcc.a(_clear_bss.o)
 .text.libgcc.div
                0x0000119c        0x0 c:/program files (x86)/atmel/avr tools/avr toolchain/bin/../lib/gcc/avr/4.7.2/avr51\libgcc.a(_clear_bss.o)
 .text.libgcc   0x0000119c        0x0 c:/program files (x86)/atmel/avr tools/avr toolchain/bin/../lib/gcc/avr/4.7.2/avr51\libgcc.a(_clear_bss.o)
 .text.libgcc.prologue
                0x0000119c        0x0 c:/program files (x86)/atmel/avr tools/avr toolchain/bin/../lib/gcc/avr/4.7.2/avr51\libgcc.a(_clear_bss.o)
 .text.libgcc.builtins
                0x0000119c        0x0 c:/program files (x86)/atmel/avr tools/avr toolchain/bin/../lib/gcc/avr/4.7.2/avr51\libgcc.a(_clear_bss.o)
 .text.libgcc.fmul
                0x0000119c        0x0 c:/program files (x86)/atmel/avr tools/avr toolchain/bin/../lib/gcc/avr/4.7.2/avr51\libgcc.a(_clear_bss.o)
 .text.libgcc.mul
                0x0000119c        0x0 c:/program files (x86)/atmel/avr tools/avr toolchain/bin/../lib/gcc/avr/4.7.2/avr51\libgcc.a(_udivmodhi4.o)
 .text.libgcc.div
                0x0000119c       0x28 c:/program files (x86)/atmel/avr tools/avr toolchain/bin/../lib/gcc/avr/4.7.2/avr51\libgcc.a(_udivmodhi4.o)
                0x0000119c                __udivmodhi4
 .text.libgcc   0x000011c4        0x0 c:/program files (x86)/atmel/avr tools/avr toolchain/bin/../lib/gcc/avr/4.7.2/avr51\libgcc.a(_udivmodhi4.o)
 .text.libgcc.prologue
                0x000011c4        0x0 c:/program files (x86)/atmel/avr tools/avr toolchain/bin/../lib/gcc/avr/4.7.2/avr51\libgcc.a(_udivmodhi4.o)
 .text.libgcc.builtins
                0x000011c4        0x0 c:/program files (x86)/atmel/avr tools/avr toolchain/bin/../lib/gcc/avr/4.7.2/avr51\libgcc.a(_udivmodhi4.o)
 .text.libgcc.fmul
                0x000011c4        0x0 c:/program files (x86)/atmel/avr tools/avr toolchain/bin/../lib/gcc/avr/4.7.2/avr51\libgcc.a(_udivmodhi4.o)
 .text.libgcc.mul
                0x000011c4        0x0 c:/program files (x86)/atmel/avr tools/avr toolchain/bin/../lib/gcc/avr/4.7.2/avr51\libgcc.a(_prologue.o)
 .text.libgcc.div
                0x000011c4        0x0 c:/program files (x86)/atmel/avr tools/avr toolchain/bin/../lib/gcc/avr/4.7.2/avr51\libgcc.a(_prologue.o)
 .text.libgcc   0x000011c4        0x0 c:/program files (x86)/atmel/avr tools/avr toolchain/bin/../lib/gcc/avr/4.7.2/avr51\libgcc.a(_prologue.o)
 .text.libgcc.prologue
                0x000011c4       0x38 c:/program files (x86)/atmel/avr tools/avr toolchain/bin/../lib/gcc/avr/4.7.2/avr51\libgcc.a(_prologue.o)
                0x000011c4                __prologue_saves__
 .text.libgcc.builtins
                0x000011fc        0x0 c:/program files (x86)/atmel/avr tools/avr toolchain/bin/../lib/gcc/avr/4.7.2/avr51\libgcc.a(_prologue.o)
 .text.libgcc.fmul
                0x000011fc        0x0 c:/program files (x86)/atmel/avr tools/avr toolchain/bin/../lib/gcc/avr/4.7.2/avr51\libgcc.a(_prologue.o)
 .text.libgcc.mul
                0x000011fc        0x0 c:/program files (x86)/atmel/avr tools/avr toolchain/bin/../lib/gcc/avr/4.7.2/avr51\libgcc.a(_epilogue.o)
 .text.libgcc.div
                0x000011fc        0x0 c:/program files (x86)/atmel/avr tools/avr toolchain/bin/../lib/gcc/avr/4.7.2/avr51\libgcc.a(_epilogue.o)
 .text.libgcc   0x000011fc        0x0 c:/program files (x86)/atmel/avr tools/avr toolchain/bin/../lib/gcc/avr/4.7.2/avr51\libgcc.a(_epilogue.o)
 .text.libgcc.prologue
                0x000011fc       0x36 c:/program files (x86)/atmel/avr tools/avr toolchain/bin/../lib/gcc/avr/4.7.2/avr51\libgcc.a(_epilogue.o)
                0x000011fc                __epilogue_restores__
 .text.libgcc.builtins
                0x00001232        0x0 c:/program files (x86)/atmel/avr tools/avr toolchain/bin/../lib/gcc/avr/4.7.2/avr51\libgcc.a(_epilogue.o)
 .text.libgcc.fmul
                0x00001232        0x0 c:/program files (x86)/atmel/avr tools/avr toolchain/bin/../lib/gcc/avr/4.7.2/avr51\libgcc.a(_epilogue.o)
                0x00001232                . = ALIGN (0x2)
 *(.fini9)
 .fini9         0x00001232        0x0 c:/program files (x86)/atmel/avr tools/avr toolchain/bin/../lib/gcc/avr/4.7.2/avr51\libgcc.a(_exit.o)
                0x00001232                _exit
                0x00001232                exit
 *(.fini9)
 *(.fini8)
 *(.fini8)
 *(.fini7)
 *(.fini7)
 *(.fini6)
 *(.fini6)
 *(.fini5)
 *(.fini5)
 *(.fini4)
 *(.fini4)
 *(.fini3)
 *(.fini3)
 *(.fini2)
 *(.fini2)
 *(.fini1)
 *(.fini1)
 *(.fini0)
 .fini0         0x00001232        0x4 c:/program files (x86)/atmel/avr tools/avr toolchain/bin/../lib/gcc/avr/4.7.2/avr51\libgcc.a(_exit.o)
 *(.fini0)
                0x00001236                _etext = .

.data           0x00800100       0x12 load address 0x00001236
                0x00800100                PROVIDE (__data_start, .)
 *(.data)
 .data          0x00800100        0x0 c:/program files (x86)/atmel/avr tools/avr toolchain/bin/../lib/gcc/avr/4.7.2/../../../../avr/lib/avr51/crtm128.o
 .data          0x00800100        0x0 04_interrupt_demo.o
 .data          0x00800100        0x0 04_interrupt_1.o
 .data          0x00800100        0x0 04_interrupt_2.o
 .data          0x00800100        0x0 04_interrupt_3.o
 .data          0x00800100        0x0 c:/program files (x86)/atmel/avr tools/avr toolchain/bin/../lib/gcc/avr/4.7.2/avr51\libgcc.a(_divmodhi4.o)
 .data          0x00800100        0x0 c:/program files (x86)/atmel/avr tools/avr toolchain/bin/../lib/gcc/avr/4.7.2/avr51\libgcc.a(_exit.o)
 .data          0x00800100        0x0 c:/program files (x86)/atmel/avr tools/avr toolchain/bin/../lib/gcc/avr/4.7.2/avr51\libgcc.a(_copy_data.o)
 .data          0x00800100        0x0 c:/program files (x86)/atmel/avr tools/avr toolchain/bin/../lib/gcc/avr/4.7.2/avr51\libgcc.a(_clear_bss.o)
 .data          0x00800100        0x0 c:/program files (x86)/atmel/avr tools/avr toolchain/bin/../lib/gcc/avr/4.7.2/avr51\libgcc.a(_fixunssfsi.o)
 .data          0x00800100        0x0 c:/program files (x86)/atmel/avr tools/avr toolchain/bin/../lib/gcc/avr/4.7.2/avr51\libgcc.a(_addsub_sf.o)
 .data          0x00800100        0x0 c:/program files (x86)/atmel/avr tools/avr toolchain/bin/../lib/gcc/avr/4.7.2/avr51\libgcc.a(_mul_sf.o)
 .data          0x00800100        0x0 c:/program files (x86)/atmel/avr tools/avr toolchain/bin/../lib/gcc/avr/4.7.2/avr51\libgcc.a(_gt_sf.o)
 .data          0x00800100        0x0 c:/program files (x86)/atmel/avr tools/avr toolchain/bin/../lib/gcc/avr/4.7.2/avr51\libgcc.a(_ge_sf.o)
 .data          0x00800100        0x0 c:/program files (x86)/atmel/avr tools/avr toolchain/bin/../lib/gcc/avr/4.7.2/avr51\libgcc.a(_lt_sf.o)
 .data          0x00800100        0x0 c:/program files (x86)/atmel/avr tools/avr toolchain/bin/../lib/gcc/avr/4.7.2/avr51\libgcc.a(_sf_to_si.o)
 .data          0x00800100        0x0 c:/program files (x86)/atmel/avr tools/avr toolchain/bin/../lib/gcc/avr/4.7.2/avr51\libgcc.a(_thenan_sf.o)
 .data          0x00800100        0x0 c:/program files (x86)/atmel/avr tools/avr toolchain/bin/../lib/gcc/avr/4.7.2/avr51\libgcc.a(_udivmodhi4.o)
 .data          0x00800100        0x0 c:/program files (x86)/atmel/avr tools/avr toolchain/bin/../lib/gcc/avr/4.7.2/avr51\libgcc.a(_prologue.o)
 .data          0x00800100        0x0 c:/program files (x86)/atmel/avr tools/avr toolchain/bin/../lib/gcc/avr/4.7.2/avr51\libgcc.a(_epilogue.o)
 .data          0x00800100        0x0 c:/program files (x86)/atmel/avr tools/avr toolchain/bin/../lib/gcc/avr/4.7.2/avr51\libgcc.a(_pack_sf.o)
 .data          0x00800100        0x0 c:/program files (x86)/atmel/avr tools/avr toolchain/bin/../lib/gcc/avr/4.7.2/avr51\libgcc.a(_unpack_sf.o)
 .data          0x00800100        0x0 c:/program files (x86)/atmel/avr tools/avr toolchain/bin/../lib/gcc/avr/4.7.2/avr51\libgcc.a(_fpcmp_parts_sf.o)
 *(.data*)
 *(.rodata)
 .rodata        0x00800100        0xa 04_interrupt_3.o
 .rodata        0x0080010a        0x8 c:/program files (x86)/atmel/avr tools/avr toolchain/bin/../lib/gcc/avr/4.7.2/avr51\libgcc.a(_thenan_sf.o)
                0x0080010a                __thenan_sf
 *(.rodata*)
 *(.gnu.linkonce.d*)
                0x00800112                . = ALIGN (0x2)
                0x00800112                _edata = .
                0x00800112                PROVIDE (__data_end, .)

.bss            0x00800112        0x4
                0x00800112                PROVIDE (__bss_start, .)
 *(.bss)
 .bss           0x00800112        0x0 c:/program files (x86)/atmel/avr tools/avr toolchain/bin/../lib/gcc/avr/4.7.2/../../../../avr/lib/avr51/crtm128.o
 .bss           0x00800112        0x0 04_interrupt_demo.o
 .bss           0x00800112        0x0 04_interrupt_1.o
 .bss           0x00800112        0x0 04_interrupt_2.o
 .bss           0x00800112        0x3 04_interrupt_3.o
                0x00800112                min
                0x00800113                sec
 .bss           0x00800115        0x0 c:/program files (x86)/atmel/avr tools/avr toolchain/bin/../lib/gcc/avr/4.7.2/avr51\libgcc.a(_divmodhi4.o)
 .bss           0x00800115        0x0 c:/program files (x86)/atmel/avr tools/avr toolchain/bin/../lib/gcc/avr/4.7.2/avr51\libgcc.a(_exit.o)
 .bss           0x00800115        0x0 c:/program files (x86)/atmel/avr tools/avr toolchain/bin/../lib/gcc/avr/4.7.2/avr51\libgcc.a(_copy_data.o)
 .bss           0x00800115        0x0 c:/program files (x86)/atmel/avr tools/avr toolchain/bin/../lib/gcc/avr/4.7.2/avr51\libgcc.a(_clear_bss.o)
 .bss           0x00800115        0x0 c:/program files (x86)/atmel/avr tools/avr toolchain/bin/../lib/gcc/avr/4.7.2/avr51\libgcc.a(_fixunssfsi.o)
 .bss           0x00800115        0x0 c:/program files (x86)/atmel/avr tools/avr toolchain/bin/../lib/gcc/avr/4.7.2/avr51\libgcc.a(_addsub_sf.o)
 .bss           0x00800115        0x0 c:/program files (x86)/atmel/avr tools/avr toolchain/bin/../lib/gcc/avr/4.7.2/avr51\libgcc.a(_mul_sf.o)
 .bss           0x00800115        0x0 c:/program files (x86)/atmel/avr tools/avr toolchain/bin/../lib/gcc/avr/4.7.2/avr51\libgcc.a(_gt_sf.o)
 .bss           0x00800115        0x0 c:/program files (x86)/atmel/avr tools/avr toolchain/bin/../lib/gcc/avr/4.7.2/avr51\libgcc.a(_ge_sf.o)
 .bss           0x00800115        0x0 c:/program files (x86)/atmel/avr tools/avr toolchain/bin/../lib/gcc/avr/4.7.2/avr51\libgcc.a(_lt_sf.o)
 .bss           0x00800115        0x0 c:/program files (x86)/atmel/avr tools/avr toolchain/bin/../lib/gcc/avr/4.7.2/avr51\libgcc.a(_sf_to_si.o)
 .bss           0x00800115        0x0 c:/program files (x86)/atmel/avr tools/avr toolchain/bin/../lib/gcc/avr/4.7.2/avr51\libgcc.a(_thenan_sf.o)
 .bss           0x00800115        0x0 c:/program files (x86)/atmel/avr tools/avr toolchain/bin/../lib/gcc/avr/4.7.2/avr51\libgcc.a(_udivmodhi4.o)
 .bss           0x00800115        0x0 c:/program files (x86)/atmel/avr tools/avr toolchain/bin/../lib/gcc/avr/4.7.2/avr51\libgcc.a(_prologue.o)
 .bss           0x00800115        0x0 c:/program files (x86)/atmel/avr tools/avr toolchain/bin/../lib/gcc/avr/4.7.2/avr51\libgcc.a(_epilogue.o)
 .bss           0x00800115        0x0 c:/program files (x86)/atmel/avr tools/avr toolchain/bin/../lib/gcc/avr/4.7.2/avr51\libgcc.a(_pack_sf.o)
 .bss           0x00800115        0x0 c:/program files (x86)/atmel/avr tools/avr toolchain/bin/../lib/gcc/avr/4.7.2/avr51\libgcc.a(_unpack_sf.o)
 .bss           0x00800115        0x0 c:/program files (x86)/atmel/avr tools/avr toolchain/bin/../lib/gcc/avr/4.7.2/avr51\libgcc.a(_fpcmp_parts_sf.o)
 *(.bss*)
 *(COMMON)
 COMMON         0x00800115        0x1 04_interrupt_3.o
                0x00800115                flag
                0x00800116                PROVIDE (__bss_end, .)
                0x00001236                __data_load_start = LOADADDR (.data)
                0x00001248                __data_load_end = (__data_load_start + SIZEOF (.data))

.noinit         0x00800116        0x0
                0x00800116                PROVIDE (__noinit_start, .)
 *(.noinit*)
                0x00800116                PROVIDE (__noinit_end, .)
                0x00800116                _end = .
                0x00800116                PROVIDE (__heap_start, .)

.eeprom         0x00810000        0x0
 *(.eeprom*)
                0x00810000                __eeprom_end = .

.fuse
 *(.fuse)
 *(.lfuse)
 *(.hfuse)
 *(.efuse)

.lock
 *(.lock*)

.signature
 *(.signature*)

.user_signatures
 *(.user_signatures*)

.stab           0x00000000      0x6cc
 *(.stab)
 .stab          0x00000000      0x6cc c:/program files (x86)/atmel/avr tools/avr toolchain/bin/../lib/gcc/avr/4.7.2/../../../../avr/lib/avr51/crtm128.o

.stabstr        0x00000000       0x97
 *(.stabstr)
 .stabstr       0x00000000       0x97 c:/program files (x86)/atmel/avr tools/avr toolchain/bin/../lib/gcc/avr/4.7.2/../../../../avr/lib/avr51/crtm128.o

.stab.excl
 *(.stab.excl)

.stab.exclstr
 *(.stab.exclstr)

.stab.index
 *(.stab.index)

.stab.indexstr
 *(.stab.indexstr)

.comment        0x00000000       0x2f
 *(.comment)
 .comment       0x00000000       0x2f 04_interrupt_demo.o
                                 0x30 (size before relaxing)
 .comment       0x00000000       0x30 04_interrupt_1.o
 .comment       0x00000000       0x30 04_interrupt_2.o
 .comment       0x00000000       0x30 04_interrupt_3.o
 .comment       0x00000000       0x30 c:/program files (x86)/atmel/avr tools/avr toolchain/bin/../lib/gcc/avr/4.7.2/avr51\libgcc.a(_fixunssfsi.o)
 .comment       0x00000000       0x30 c:/program files (x86)/atmel/avr tools/avr toolchain/bin/../lib/gcc/avr/4.7.2/avr51\libgcc.a(_addsub_sf.o)
 .comment       0x00000000       0x30 c:/program files (x86)/atmel/avr tools/avr toolchain/bin/../lib/gcc/avr/4.7.2/avr51\libgcc.a(_mul_sf.o)
 .comment       0x00000000       0x30 c:/program files (x86)/atmel/avr tools/avr toolchain/bin/../lib/gcc/avr/4.7.2/avr51\libgcc.a(_gt_sf.o)
 .comment       0x00000000       0x30 c:/program files (x86)/atmel/avr tools/avr toolchain/bin/../lib/gcc/avr/4.7.2/avr51\libgcc.a(_ge_sf.o)
 .comment       0x00000000       0x30 c:/program files (x86)/atmel/avr tools/avr toolchain/bin/../lib/gcc/avr/4.7.2/avr51\libgcc.a(_lt_sf.o)
 .comment       0x00000000       0x30 c:/program files (x86)/atmel/avr tools/avr toolchain/bin/../lib/gcc/avr/4.7.2/avr51\libgcc.a(_sf_to_si.o)
 .comment       0x00000000       0x30 c:/program files (x86)/atmel/avr tools/avr toolchain/bin/../lib/gcc/avr/4.7.2/avr51\libgcc.a(_thenan_sf.o)
 .comment       0x00000000       0x30 c:/program files (x86)/atmel/avr tools/avr toolchain/bin/../lib/gcc/avr/4.7.2/avr51\libgcc.a(_pack_sf.o)
 .comment       0x00000000       0x30 c:/program files (x86)/atmel/avr tools/avr toolchain/bin/../lib/gcc/avr/4.7.2/avr51\libgcc.a(_unpack_sf.o)
 .comment       0x00000000       0x30 c:/program files (x86)/atmel/avr tools/avr toolchain/bin/../lib/gcc/avr/4.7.2/avr51\libgcc.a(_fpcmp_parts_sf.o)

.debug
 *(.debug)

.line
 *(.line)

.debug_srcinfo
 *(.debug_srcinfo)

.debug_sfnames
 *(.debug_sfnames)

.debug_aranges  0x00000000      0x178
 *(.debug_aranges)
 .debug_aranges
                0x00000000       0x20 04_interrupt_3.o
 .debug_aranges
                0x00000020       0x20 c:/program files (x86)/atmel/avr tools/avr toolchain/bin/../lib/gcc/avr/4.7.2/avr51\libgcc.a(_fixunssfsi.o)
 .debug_aranges
                0x00000040       0x20 c:/program files (x86)/atmel/avr tools/avr toolchain/bin/../lib/gcc/avr/4.7.2/avr51\libgcc.a(_addsub_sf.o)
 .debug_aranges
                0x00000060       0x20 c:/program files (x86)/atmel/avr tools/avr toolchain/bin/../lib/gcc/avr/4.7.2/avr51\libgcc.a(_mul_sf.o)
 .debug_aranges
                0x00000080       0x20 c:/program files (x86)/atmel/avr tools/avr toolchain/bin/../lib/gcc/avr/4.7.2/avr51\libgcc.a(_gt_sf.o)
 .debug_aranges
                0x000000a0       0x20 c:/program files (x86)/atmel/avr tools/avr toolchain/bin/../lib/gcc/avr/4.7.2/avr51\libgcc.a(_ge_sf.o)
 .debug_aranges
                0x000000c0       0x20 c:/program files (x86)/atmel/avr tools/avr toolchain/bin/../lib/gcc/avr/4.7.2/avr51\libgcc.a(_lt_sf.o)
 .debug_aranges
                0x000000e0       0x20 c:/program files (x86)/atmel/avr tools/avr toolchain/bin/../lib/gcc/avr/4.7.2/avr51\libgcc.a(_sf_to_si.o)
 .debug_aranges
                0x00000100       0x18 c:/program files (x86)/atmel/avr tools/avr toolchain/bin/../lib/gcc/avr/4.7.2/avr51\libgcc.a(_thenan_sf.o)
 .debug_aranges
                0x00000118       0x20 c:/program files (x86)/atmel/avr tools/avr toolchain/bin/../lib/gcc/avr/4.7.2/avr51\libgcc.a(_pack_sf.o)
 .debug_aranges
                0x00000138       0x20 c:/program files (x86)/atmel/avr tools/avr toolchain/bin/../lib/gcc/avr/4.7.2/avr51\libgcc.a(_unpack_sf.o)
 .debug_aranges
                0x00000158       0x20 c:/program files (x86)/atmel/avr tools/avr toolchain/bin/../lib/gcc/avr/4.7.2/avr51\libgcc.a(_fpcmp_parts_sf.o)

.debug_pubnames
 *(.debug_pubnames)

.debug_info     0x00000000     0x22d3
 *(.debug_info)
 .debug_info    0x00000000      0x32a 04_interrupt_3.o
 .debug_info    0x0000032a       0xbe c:/program files (x86)/atmel/avr tools/avr toolchain/bin/../lib/gcc/avr/4.7.2/avr51\libgcc.a(_fixunssfsi.o)
 .debug_info    0x000003e8      0x589 c:/program files (x86)/atmel/avr tools/avr toolchain/bin/../lib/gcc/avr/4.7.2/avr51\libgcc.a(_addsub_sf.o)
 .debug_info    0x00000971      0x47c c:/program files (x86)/atmel/avr tools/avr toolchain/bin/../lib/gcc/avr/4.7.2/avr51\libgcc.a(_mul_sf.o)
 .debug_info    0x00000ded      0x32d c:/program files (x86)/atmel/avr tools/avr toolchain/bin/../lib/gcc/avr/4.7.2/avr51\libgcc.a(_gt_sf.o)
 .debug_info    0x0000111a      0x32d c:/program files (x86)/atmel/avr tools/avr toolchain/bin/../lib/gcc/avr/4.7.2/avr51\libgcc.a(_ge_sf.o)
 .debug_info    0x00001447      0x32d c:/program files (x86)/atmel/avr tools/avr toolchain/bin/../lib/gcc/avr/4.7.2/avr51\libgcc.a(_lt_sf.o)
 .debug_info    0x00001774      0x2e6 c:/program files (x86)/atmel/avr tools/avr toolchain/bin/../lib/gcc/avr/4.7.2/avr51\libgcc.a(_sf_to_si.o)
 .debug_info    0x00001a5a      0x150 c:/program files (x86)/atmel/avr tools/avr toolchain/bin/../lib/gcc/avr/4.7.2/avr51\libgcc.a(_thenan_sf.o)
 .debug_info    0x00001baa      0x2d2 c:/program files (x86)/atmel/avr tools/avr toolchain/bin/../lib/gcc/avr/4.7.2/avr51\libgcc.a(_pack_sf.o)
 .debug_info    0x00001e7c      0x268 c:/program files (x86)/atmel/avr tools/avr toolchain/bin/../lib/gcc/avr/4.7.2/avr51\libgcc.a(_unpack_sf.o)
 .debug_info    0x000020e4      0x1ef c:/program files (x86)/atmel/avr tools/avr toolchain/bin/../lib/gcc/avr/4.7.2/avr51\libgcc.a(_fpcmp_parts_sf.o)
 *(.gnu.linkonce.wi.*)

.debug_abbrev   0x00000000     0x1106
 *(.debug_abbrev)
 .debug_abbrev  0x00000000      0x11f 04_interrupt_3.o
 .debug_abbrev  0x0000011f       0x60 c:/program files (x86)/atmel/avr tools/avr toolchain/bin/../lib/gcc/avr/4.7.2/avr51\libgcc.a(_fixunssfsi.o)
 .debug_abbrev  0x0000017f      0x215 c:/program files (x86)/atmel/avr tools/avr toolchain/bin/../lib/gcc/avr/4.7.2/avr51\libgcc.a(_addsub_sf.o)
 .debug_abbrev  0x00000394      0x228 c:/program files (x86)/atmel/avr tools/avr toolchain/bin/../lib/gcc/avr/4.7.2/avr51\libgcc.a(_mul_sf.o)
 .debug_abbrev  0x000005bc      0x1a5 c:/program files (x86)/atmel/avr tools/avr toolchain/bin/../lib/gcc/avr/4.7.2/avr51\libgcc.a(_gt_sf.o)
 .debug_abbrev  0x00000761      0x1a5 c:/program files (x86)/atmel/avr tools/avr toolchain/bin/../lib/gcc/avr/4.7.2/avr51\libgcc.a(_ge_sf.o)
 .debug_abbrev  0x00000906      0x1a5 c:/program files (x86)/atmel/avr tools/avr toolchain/bin/../lib/gcc/avr/4.7.2/avr51\libgcc.a(_lt_sf.o)
 .debug_abbrev  0x00000aab      0x194 c:/program files (x86)/atmel/avr tools/avr toolchain/bin/../lib/gcc/avr/4.7.2/avr51\libgcc.a(_sf_to_si.o)
 .debug_abbrev  0x00000c3f       0xb6 c:/program files (x86)/atmel/avr tools/avr toolchain/bin/../lib/gcc/avr/4.7.2/avr51\libgcc.a(_thenan_sf.o)
 .debug_abbrev  0x00000cf5      0x195 c:/program files (x86)/atmel/avr tools/avr toolchain/bin/../lib/gcc/avr/4.7.2/avr51\libgcc.a(_pack_sf.o)
 .debug_abbrev  0x00000e8a      0x15f c:/program files (x86)/atmel/avr tools/avr toolchain/bin/../lib/gcc/avr/4.7.2/avr51\libgcc.a(_unpack_sf.o)
 .debug_abbrev  0x00000fe9      0x11d c:/program files (x86)/atmel/avr tools/avr toolchain/bin/../lib/gcc/avr/4.7.2/avr51\libgcc.a(_fpcmp_parts_sf.o)

.debug_line     0x00000000      0xb83
 *(.debug_line)
 .debug_line    0x00000000        0x0 04_interrupt_demo.o
 .debug_line    0x00000000        0x0 04_interrupt_1.o
 .debug_line    0x00000000        0x0 04_interrupt_2.o
 .debug_line    0x00000000      0x248 04_interrupt_3.o
 .debug_line    0x00000248       0x99 c:/program files (x86)/atmel/avr tools/avr toolchain/bin/../lib/gcc/avr/4.7.2/avr51\libgcc.a(_fixunssfsi.o)
 .debug_line    0x000002e1       0xfc c:/program files (x86)/atmel/avr tools/avr toolchain/bin/../lib/gcc/avr/4.7.2/avr51\libgcc.a(_addsub_sf.o)
 .debug_line    0x000003dd       0xfd c:/program files (x86)/atmel/avr tools/avr toolchain/bin/../lib/gcc/avr/4.7.2/avr51\libgcc.a(_mul_sf.o)
 .debug_line    0x000004da      0x10b c:/program files (x86)/atmel/avr tools/avr toolchain/bin/../lib/gcc/avr/4.7.2/avr51\libgcc.a(_gt_sf.o)
 .debug_line    0x000005e5      0x10b c:/program files (x86)/atmel/avr tools/avr toolchain/bin/../lib/gcc/avr/4.7.2/avr51\libgcc.a(_ge_sf.o)
 .debug_line    0x000006f0      0x10b c:/program files (x86)/atmel/avr tools/avr toolchain/bin/../lib/gcc/avr/4.7.2/avr51\libgcc.a(_lt_sf.o)
 .debug_line    0x000007fb       0xab c:/program files (x86)/atmel/avr tools/avr toolchain/bin/../lib/gcc/avr/4.7.2/avr51\libgcc.a(_sf_to_si.o)
 .debug_line    0x000008a6       0x83 c:/program files (x86)/atmel/avr tools/avr toolchain/bin/../lib/gcc/avr/4.7.2/avr51\libgcc.a(_thenan_sf.o)
 .debug_line    0x00000929       0xd4 c:/program files (x86)/atmel/avr tools/avr toolchain/bin/../lib/gcc/avr/4.7.2/avr51\libgcc.a(_pack_sf.o)
 .debug_line    0x000009fd       0xb7 c:/program files (x86)/atmel/avr tools/avr toolchain/bin/../lib/gcc/avr/4.7.2/avr51\libgcc.a(_unpack_sf.o)
 .debug_line    0x00000ab4       0xcf c:/program files (x86)/atmel/avr tools/avr toolchain/bin/../lib/gcc/avr/4.7.2/avr51\libgcc.a(_fpcmp_parts_sf.o)

.debug_frame    0x00000000      0x314
 *(.debug_frame)
 .debug_frame   0x00000000       0xc4 04_interrupt_3.o
 .debug_frame   0x000000c4       0x44 c:/program files (x86)/atmel/avr tools/avr toolchain/bin/../lib/gcc/avr/4.7.2/avr51\libgcc.a(_fixunssfsi.o)
 .debug_frame   0x00000108       0x78 c:/program files (x86)/atmel/avr tools/avr toolchain/bin/../lib/gcc/avr/4.7.2/avr51\libgcc.a(_addsub_sf.o)
 .debug_frame   0x00000180       0x48 c:/program files (x86)/atmel/avr tools/avr toolchain/bin/../lib/gcc/avr/4.7.2/avr51\libgcc.a(_mul_sf.o)
 .debug_frame   0x000001c8       0x2c c:/program files (x86)/atmel/avr tools/avr toolchain/bin/../lib/gcc/avr/4.7.2/avr51\libgcc.a(_gt_sf.o)
 .debug_frame   0x000001f4       0x2c c:/program files (x86)/atmel/avr tools/avr toolchain/bin/../lib/gcc/avr/4.7.2/avr51\libgcc.a(_ge_sf.o)
 .debug_frame   0x00000220       0x2c c:/program files (x86)/atmel/avr tools/avr toolchain/bin/../lib/gcc/avr/4.7.2/avr51\libgcc.a(_lt_sf.o)
 .debug_frame   0x0000024c       0x30 c:/program files (x86)/atmel/avr tools/avr toolchain/bin/../lib/gcc/avr/4.7.2/avr51\libgcc.a(_sf_to_si.o)
 .debug_frame   0x0000027c       0x38 c:/program files (x86)/atmel/avr tools/avr toolchain/bin/../lib/gcc/avr/4.7.2/avr51\libgcc.a(_pack_sf.o)
 .debug_frame   0x000002b4       0x34 c:/program files (x86)/atmel/avr tools/avr toolchain/bin/../lib/gcc/avr/4.7.2/avr51\libgcc.a(_unpack_sf.o)
 .debug_frame   0x000002e8       0x2c c:/program files (x86)/atmel/avr tools/avr toolchain/bin/../lib/gcc/avr/4.7.2/avr51\libgcc.a(_fpcmp_parts_sf.o)

.debug_str      0x00000000      0x434
 *(.debug_str)
 .debug_str     0x00000000      0x12d 04_interrupt_3.o
                                0x161 (size before relaxing)
 .debug_str     0x0000012d       0xef c:/program files (x86)/atmel/avr tools/avr toolchain/bin/../lib/gcc/avr/4.7.2/avr51\libgcc.a(_fixunssfsi.o)
                                0x174 (size before relaxing)
 .debug_str     0x0000021c      0x1ab c:/program files (x86)/atmel/avr tools/avr toolchain/bin/../lib/gcc/avr/4.7.2/avr51\libgcc.a(_addsub_sf.o)
                                0x2af (size before relaxing)
 .debug_str     0x000003c7       0x27 c:/program files (x86)/atmel/avr tools/avr toolchain/bin/../lib/gcc/avr/4.7.2/avr51\libgcc.a(_mul_sf.o)
                                0x268 (size before relaxing)
 .debug_str     0x000003ee       0x1f c:/program files (x86)/atmel/avr tools/avr toolchain/bin/../lib/gcc/avr/4.7.2/avr51\libgcc.a(_gt_sf.o)
                                0x23d (size before relaxing)
 .debug_str     0x0000040d        0x8 c:/program files (x86)/atmel/avr tools/avr toolchain/bin/../lib/gcc/avr/4.7.2/avr51\libgcc.a(_ge_sf.o)
                                0x23d (size before relaxing)
 .debug_str     0x00000415        0x8 c:/program files (x86)/atmel/avr tools/avr toolchain/bin/../lib/gcc/avr/4.7.2/avr51\libgcc.a(_lt_sf.o)
                                0x23d (size before relaxing)
 .debug_str     0x0000041d        0xa c:/program files (x86)/atmel/avr tools/avr toolchain/bin/../lib/gcc/avr/4.7.2/avr51\libgcc.a(_sf_to_si.o)
                                0x236 (size before relaxing)
 .debug_str     0x00000000      0x1cd c:/program files (x86)/atmel/avr tools/avr toolchain/bin/../lib/gcc/avr/4.7.2/avr51\libgcc.a(_thenan_sf.o)
 .debug_str     0x00000427        0xd c:/program files (x86)/atmel/avr tools/avr toolchain/bin/../lib/gcc/avr/4.7.2/avr51\libgcc.a(_pack_sf.o)
                                0x22a (size before relaxing)
 .debug_str     0x00000000      0x20c c:/program files (x86)/atmel/avr tools/avr toolchain/bin/../lib/gcc/avr/4.7.2/avr51\libgcc.a(_unpack_sf.o)
 .debug_str     0x00000000      0x1f0 c:/program files (x86)/atmel/avr tools/avr toolchain/bin/../lib/gcc/avr/4.7.2/avr51\libgcc.a(_fpcmp_parts_sf.o)

.debug_loc      0x00000000      0xd85
 *(.debug_loc)
 .debug_loc     0x00000000      0x188 04_interrupt_3.o
 .debug_loc     0x00000188       0xa7 c:/program files (x86)/atmel/avr tools/avr toolchain/bin/../lib/gcc/avr/4.7.2/avr51\libgcc.a(_fixunssfsi.o)
 .debug_loc     0x0000022f      0x42d c:/program files (x86)/atmel/avr tools/avr toolchain/bin/../lib/gcc/avr/4.7.2/avr51\libgcc.a(_addsub_sf.o)
 .debug_loc     0x0000065c      0x21c c:/program files (x86)/atmel/avr tools/avr toolchain/bin/../lib/gcc/avr/4.7.2/avr51\libgcc.a(_mul_sf.o)
 .debug_loc     0x00000878       0xa1 c:/program files (x86)/atmel/avr tools/avr toolchain/bin/../lib/gcc/avr/4.7.2/avr51\libgcc.a(_gt_sf.o)
 .debug_loc     0x00000919       0xa1 c:/program files (x86)/atmel/avr tools/avr toolchain/bin/../lib/gcc/avr/4.7.2/avr51\libgcc.a(_ge_sf.o)
 .debug_loc     0x000009ba       0xa1 c:/program files (x86)/atmel/avr tools/avr toolchain/bin/../lib/gcc/avr/4.7.2/avr51\libgcc.a(_lt_sf.o)
 .debug_loc     0x00000a5b       0x9f c:/program files (x86)/atmel/avr tools/avr toolchain/bin/../lib/gcc/avr/4.7.2/avr51\libgcc.a(_sf_to_si.o)
 .debug_loc     0x00000afa      0x148 c:/program files (x86)/atmel/avr tools/avr toolchain/bin/../lib/gcc/avr/4.7.2/avr51\libgcc.a(_pack_sf.o)
 .debug_loc     0x00000c42       0xf9 c:/program files (x86)/atmel/avr tools/avr toolchain/bin/../lib/gcc/avr/4.7.2/avr51\libgcc.a(_unpack_sf.o)
 .debug_loc     0x00000d3b       0x4a c:/program files (x86)/atmel/avr tools/avr toolchain/bin/../lib/gcc/avr/4.7.2/avr51\libgcc.a(_fpcmp_parts_sf.o)

.debug_macinfo
 *(.debug_macinfo)

.debug_pubtypes
 *(.debug_pubtypes)

.debug_ranges   0x00000000       0x18
 *(.debug_ranges)
 .debug_ranges  0x00000000       0x18 c:/program files (x86)/atmel/avr tools/avr toolchain/bin/../lib/gcc/avr/4.7.2/avr51\libgcc.a(_mul_sf.o)

.debug_macro
 *(.debug_macro)
OUTPUT(04_interrupt_demo.elf elf32-avr)
LOAD linker stubs
